// Jest Snapshot v1, https://goo.gl/fbAQLP

exports[`JobResultItem optimal case should match snapshot 1`] = `
<DocumentFragment>
  .emotion-9 {
  border-radius: 20px;
  box-shadow: 0 1px 3px 0 rgba(0,0,0,0.1),0 1px 2px 0 rgba(0,0,0,0.06);
  border: 0.1rem solid;
  border-color: #718096;
  margin-bottom: 3.25rem;
}

.emotion-8 {
  padding: 1.25rem;
}

.emotion-0 {
  display: inline-block;
  padding-left: 0.25rem;
  padding-right: 0.25rem;
  text-transform: uppercase;
  font-size: 0.75rem;
  border-radius: 0.125rem;
  font-weight: 700;
  white-space: nowrap;
  vertical-align: middle;
  box-shadow: inset 0 0 0px 1px #718096;
  color: #718096;
  padding: 0.5rem;
  margin-right: 1rem;
}

.emotion-1 {
  display: inline-block;
  padding-left: 0.25rem;
  padding-right: 0.25rem;
  text-transform: uppercase;
  font-size: 0.75rem;
  border-radius: 0.125rem;
  font-weight: 700;
  white-space: nowrap;
  vertical-align: middle;
  box-shadow: inset 0 0 0px 1px #718096;
  color: #718096;
  padding: 0.5rem;
}

.emotion-2 {
  font-family: Roboto,-apple-system,BlinkMacSystemFont,"Segoe UI",Helvetica,Arial,sans-serif,"Apple Color Emoji","Segoe UI Emoji","Segoe UI Symbol";
}

<div
    class="cardContainer emotion-9"
  >
    <a
      class="jobListingURL"
      href="/job-listing/438977-Internal"
    >
      <div
        class="emotion-8"
      >
        <div
          class="emotion-0"
        >
          Internal
        </div>
        <div
          class="emotion-1"
        >
          Full Time
        </div>
        <p
          class="agencyHeader emotion-2"
        >
          <span
            class="jobAttribute"
          >
            DEPT OF PARKS & RECREATION
          </span>
        </p>
        <p
          class="emotion-2"
        >
          Business Title: 
          <span
            class="jobAttribute"
          >
            PEP Step Up Captain
          </span>
        </p>
        <p
          class="civilServiceTitle emotion-2"
        >
          Civil Service Title: 
          <span
            class="jobAttribute"
          >
            community coordinator
          </span>
        </p>
        <p
          class="emotion-2"
        >
          Work Unit: 
          <span
            class="jobAttribute"
          >
            Arsenal North Peps
          </span>
        </p>
        <p
          class="emotion-2"
        >
          Job Category: 
          <span
            class="jobAttribute"
          >
            Public Safety, Inspections, & Enforcement
          </span>
        </p>
        <p
          class="emotion-2"
        >
          Location: 
          <span
            class="jobAttribute"
          >
            105 St & 5 Ave
          </span>
        </p>
      </div>
    </a>
  </div>
</DocumentFragment>
`;
